2026-09-06 14:32:16 | INFO | supply_chain_delivery_app | logger.initialized path=/Users/aditikulkarni/Documents/Masters/AI-Projects/12-Thesis/0_supply_chain_thesis/supply_chain_topology_app/log/delivery_chat_run_20260906_143216.log
2026-09-06 14:33:32 | INFO | supply_chain_delivery_app | tool.recommend_actions.started
2026-09-06 14:33:32 | INFO | supply_chain_delivery_app | tool.recommend_actions.data diagnosis_chars=3941 dims_compared=6 hist_high_risk=10 daily_high_risk=10 severity_hotspots=5 hist_top_dims=6 daily_top_dims=6 output_chars=7675
2026-09-06 14:33:35 | INFO | supply_chain_delivery_app | rag.retrieve.started input_len=7675 rerank_top_n=8
2026-09-06 14:33:35 | INFO | supply_chain_delivery_app | rag.collection.load.started
2026-09-06 14:33:35 | INFO | supply_chain_delivery_app | rag.collection.load.completed duration_ms=65 count=73
2026-09-06 14:33:35 | INFO | supply_chain_delivery_app | rag.retrieve.hybrid_prefilter candidates=12
2026-09-06 14:33:35 | INFO | supply_chain_delivery_app | rag.cross_encoder.load model=cross-encoder/ms-marco-MiniLM-L-6-v2
2026-09-06 14:33:43 | INFO | supply_chain_delivery_app | rag.cross_encoder.ready
2026-09-06 14:33:43 | INFO | supply_chain_delivery_app | rag.retrieve.cross_encoder_rerank returned=8
2026-09-06 14:33:43 | INFO | supply_chain_delivery_app | rag.retrieve.completed duration_ms=8588 retrieved=15 returned=8
2026-09-06 14:33:43 | INFO | supply_chain_delivery_app | tool.recommend_actions.completed status=ok duration_ms=11622
2026-09-06 14:34:19 | INFO | supply_chain_delivery_app | tool.recommend_actions.started
2026-09-06 14:34:19 | INFO | supply_chain_delivery_app | tool.recommend_actions.data diagnosis_chars=3941 dims_compared=6 hist_high_risk=10 daily_high_risk=10 severity_hotspots=5 hist_top_dims=6 daily_top_dims=6 output_chars=7675
2026-09-06 14:34:19 | INFO | supply_chain_delivery_app | rag.retrieve.started input_len=7675 rerank_top_n=8
2026-09-06 14:34:19 | INFO | supply_chain_delivery_app | rag.retrieve.cache_hit duration_ms=0
2026-09-06 14:34:19 | INFO | supply_chain_delivery_app | tool.recommend_actions.completed status=ok duration_ms=38
2026-09-06 14:34:42 | INFO | supply_chain_delivery_app | tool.recommend_actions.started
2026-09-06 14:34:42 | INFO | supply_chain_delivery_app | tool.recommend_actions.data diagnosis_chars=3941 dims_compared=6 hist_high_risk=10 daily_high_risk=10 severity_hotspots=5 hist_top_dims=6 daily_top_dims=6 output_chars=7675
2026-09-06 14:34:42 | INFO | supply_chain_delivery_app | rag.retrieve.started input_len=7675 rerank_top_n=8
2026-09-06 14:34:42 | INFO | supply_chain_delivery_app | rag.retrieve.cache_hit duration_ms=0
2026-09-06 14:34:42 | INFO | supply_chain_delivery_app | tool.recommend_actions.completed status=ok duration_ms=27
2026-09-06 14:35:06 | INFO | supply_chain_delivery_app | tool.recommend_actions.started
2026-09-06 14:35:06 | INFO | supply_chain_delivery_app | tool.recommend_actions.data diagnosis_chars=3941 dims_compared=6 hist_high_risk=10 daily_high_risk=10 severity_hotspots=5 hist_top_dims=6 daily_top_dims=6 output_chars=7675
2026-09-06 14:35:06 | INFO | supply_chain_delivery_app | rag.retrieve.started input_len=7675 rerank_top_n=8
2026-09-06 14:35:06 | INFO | supply_chain_delivery_app | rag.retrieve.cache_hit duration_ms=0
2026-09-06 14:35:06 | INFO | supply_chain_delivery_app | tool.recommend_actions.completed status=ok duration_ms=31
2026-09-06 14:35:51 | INFO | supply_chain_delivery_app | tool.recommend_actions.started
2026-09-06 14:35:51 | INFO | supply_chain_delivery_app | tool.recommend_actions.data diagnosis_chars=3941 dims_compared=6 hist_high_risk=10 daily_high_risk=10 severity_hotspots=5 hist_top_dims=6 daily_top_dims=6 output_chars=7675
2026-09-06 14:35:51 | INFO | supply_chain_delivery_app | rag.retrieve.started input_len=7675 rerank_top_n=8
2026-09-06 14:35:51 | INFO | supply_chain_delivery_app | rag.retrieve.cache_hit duration_ms=0
2026-09-06 14:35:51 | INFO | supply_chain_delivery_app | tool.recommend_actions.completed status=ok duration_ms=41
2026-09-06 14:36:15 | INFO | supply_chain_delivery_app | tool.recommend_actions.started
2026-09-06 14:36:15 | INFO | supply_chain_delivery_app | tool.recommend_actions.data diagnosis_chars=3941 dims_compared=6 hist_high_risk=10 daily_high_risk=10 severity_hotspots=5 hist_top_dims=6 daily_top_dims=6 output_chars=7675
2026-09-06 14:36:15 | INFO | supply_chain_delivery_app | rag.retrieve.started input_len=7675 rerank_top_n=8
2026-09-06 14:36:15 | INFO | supply_chain_delivery_app | rag.retrieve.cache_hit duration_ms=0
2026-09-06 14:36:15 | INFO | supply_chain_delivery_app | tool.recommend_actions.completed status=ok duration_ms=33
2026-09-06 14:36:36 | INFO | supply_chain_delivery_app | tool.recommend_actions.started
2026-09-06 14:36:36 | INFO | supply_chain_delivery_app | tool.recommend_actions.data diagnosis_chars=3941 dims_compared=6 hist_high_risk=10 daily_high_risk=10 severity_hotspots=5 hist_top_dims=6 daily_top_dims=6 output_chars=7675
2026-09-06 14:36:36 | INFO | supply_chain_delivery_app | rag.retrieve.started input_len=7675 rerank_top_n=8
2026-09-06 14:36:36 | INFO | supply_chain_delivery_app | rag.retrieve.cache_hit duration_ms=0
2026-09-06 14:36:36 | INFO | supply_chain_delivery_app | tool.recommend_actions.completed status=ok duration_ms=34
2026-09-06 14:37:10 | INFO | supply_chain_delivery_app | tool.recommend_actions.started
2026-09-06 14:37:10 | INFO | supply_chain_delivery_app | tool.recommend_actions.data diagnosis_chars=3941 dims_compared=6 hist_high_risk=10 daily_high_risk=10 severity_hotspots=5 hist_top_dims=6 daily_top_dims=6 output_chars=7675
2026-09-06 14:37:10 | INFO | supply_chain_delivery_app | rag.retrieve.started input_len=7675 rerank_top_n=8
2026-09-06 14:37:10 | INFO | supply_chain_delivery_app | rag.retrieve.cache_hit duration_ms=0
2026-09-06 14:37:10 | INFO | supply_chain_delivery_app | tool.recommend_actions.completed status=ok duration_ms=30
